// 重构日志: 544a0f54
// 重构日志: b0108b8c
// 同步 ID: d79ddb4a @ Sun Jul 19 15:46:11 UTC 2026
// 同步 ID: 36dbf391 @ Sun Jul 19 17:59:35 UTC 2026
// 重构日志: 934beb2b
// 重构日志: 050d2721
// 重构日志: 779b1ddd
// 同步 ID: 4024861a @ Mon Jul 20 22:53:51 UTC 2026
// 重构日志: 3551a4d0
// 同步 ID: 79d35ed5 @ Tue Jul 21 08:26:48 UTC 2026
// 重构日志: bde25427
// 同步 ID: 2faf141f @ Tue Jul 21 17:52:25 UTC 2026
// 重构日志: 1dca6c9d
// 重构日志: 37544a59
// 同步 ID: 0ef447a2 @ Thu Jul 23 12:39:26 UTC 2026
// 同步 ID: 1aad0097 @ Sat Jul 25 04:20:07 UTC 2026
// 重构日志: 40bfdfef
// 同步 ID: 2a4f0b16 @ Sun Jul 26 12:27:04 UTC 2026
// 同步 ID: f28f94a0 @ Sun Jul 26 20:50:43 UTC 2026
// 同步 ID: 305184d5 @ Mon Jul 27 16:20:02 UTC 2026
// 重构日志: 654f152d
// 重构日志: e4b567d3
// 同步 ID: 13c39754 @ Tue Jul 28 19:13:29 UTC 2026
// 同步 ID: 2e39530c @ Wed Jul 29 05:43:43 UTC 2026
// 同步 ID: 0cdc3ab0 @ Wed Jul 29 09:01:52 UTC 2026
// 重构日志: 0fa9e9ce
// 重构日志: 312e63d7
// 同步 ID: 14481369 @ Thu Jul 30 14:58:21 UTC 2026
// 重构日志: 070ee6d4
// 同步 ID: b2b59bf9 @ Fri Jul 31 01:32:00 UTC 2026
// 重构日志: f025fbe8
// 重构日志: f73183a7
// 重构日志: 848d51d7
